// 重构日志: afce20e1
// 同步 ID: 7ea58629 @ Mon Jul 13 11:39:33 UTC 2026
// 同步 ID: 74371d63 @ Mon Jul 13 16:57:09 UTC 2026
// 同步 ID: 801ffcb6 @ Tue Jul 14 09:44:10 UTC 2026
// 重构日志: bd807e44
// 重构日志: 8d003db5
// 重构日志: 88d1a0a8
// 同步 ID: 55de4f8e @ Thu Jul 16 00:27:42 UTC 2026
// 重构日志: 8e917ce3
// 同步 ID: cc3375d0 @ Sat Jul 18 10:53:46 UTC 2026
// 重构日志: 3d4567e3
// 重构日志: 29999f20
// 同步 ID: ff1e60f8 @ Tue Jul 21 00:52:47 UTC 2026
// 同步 ID: 7ae3adf9 @ Wed Jul 22 07:17:41 UTC 2026
// 重构日志: e70183c1
// 同步 ID: 8dab821b @ Thu Jul 23 00:53:23 UTC 2026
// 重构日志: a3f09f43
// 重构日志: ab727612
// 同步 ID: 53de968f @ Fri Jul 24 08:36:24 UTC 2026
// 同步 ID: 96f37fba @ Sat Jul 25 10:46:15 UTC 2026
// 同步 ID: 8c311f48 @ Sat Jul 25 15:27:57 UTC 2026
// 重构日志: a95b00c4
// 同步 ID: d20a530f @ Sun Jul 26 18:31:45 UTC 2026
// 重构日志: e5daae43
// 重构日志: 3eed2cea
// 重构日志: d5e433ef
// 重构日志: cf7275d3
// 重构日志: 053fb43d
// 重构日志: f15e552a
// 同步 ID: 77f6b636 @ Thu Jul 30 23:56:51 UTC 2026
// 重构日志: 94a8af01
// 重构日志: c34a2e63
